
> luxerna@0.1.0 build:win
> react-scripts build && electron-builder --win

node.exe : (node:17660) [DEP0176] DeprecationWarning: fs.F_OK is deprecated, 
use fs.constants.F_OK instead
At line:1 char:1
+ & "C:\Program Files\nodejs/node.exe" "C:\Program Files\nodejs/node_mo ...
+ ~~~~~~~~~~~~~~~~~~~~~~~~~~~~~~~~~~~~~~~~~~~~~~~~~~~~~~~~~~~~~~~~~~~~~
    + CategoryInfo          : NotSpecified: ((node:17660) [D...ts.F_OK instead 
   :String) [], RemoteException
    + FullyQualifiedErrorId : NativeCommandError
 
(Use `node --trace-deprecation ...` to show where the warning was created)
Creating an optimized production build...
Compiled with warnings.

[eslint] 
src\components\CapViewFinder.jsx
  Line 8:7:    'LV_SHOW' is assigned a value but never used                                                                                               no-unused-vars
  Line 46:11:  'cancelled' is assigned a value but never used                                                                                             no-unused-vars
  Line 116:6:  React Hook useEffect has missing dependencies: 'imgRef', 'stopWebcam', and 'videoRef'. Either include them or remove the dependency array  react-hooks/exhaustive-deps

src\components\HoCameraSelect.jsx
  Line 6:7:   'DCC_BASE' is assigned a value but never used    no-unused-vars
  Line 46:9:  'badgeColor' is assigned a value but never used  no-unused-vars

src\components\LayoutPreview.jsx
  Line 10:20:  'shots' is assigned a value but never used  no-unused-vars

src\screens\Capture.jsx
  Line 198:10:  'blobToBase64' is defined but never used  no-unused-vars

src\screens\Output.jsx
  Line 1:31:   'useRef' is defined but never used                                                                                                             no-unused-vars
  Line 32:10:  'lastSavedPath' is assigned a value but never used                                                                                             no-unused-vars
  Line 74:6:   React Hook useEffect has missing dependencies: 'eventName', 'localPath', and 'photoIndex'. Either include them or remove the dependency array  react-hooks/exhaustive-deps

Search for the keywords to learn more about each warning.
To ignore, add // eslint-disable-next-line to the line before.

File sizes after gzip:

  80.35 kB  build\static\js\main.d922b38e.js
  1.76 kB   build\static\js\453.6c2ab551.chunk.js
  263 B     build\static\css\main.e6c13ad2.css

The project was built assuming it is hosted at ./.
You can control this with the homepage field in your package.json.

The build folder is ready to be deployed.

Find out more about deployment here:

  https://cra.link/deployment

  ΓÇó electron-builder  version=26.8.1 os=10.0.26200
  ΓÇó loaded configuration  file=package.json ("build" field)
  ΓÇó public/electron.js not found. Please see https://medium.com/@kitze/%EF%B8%8F-from-react-to-an-electron-app-ready-for-production-a0468ecb1da3
  ΓÇó loaded parent configuration  preset=react-cra
  ΓÇó executing @electron/rebuild  electronVersion=40.8.0 arch=x64 buildFromSource=false workspaceRoot=D:\- Arcana Business Project\Luxerna\Web Source Code projectDir=./ appDir=./
  ΓÇó installing native dependencies  arch=x64
  ΓÇó completed installing native dependencies
  ΓÇó packaging       platform=win32 arch=x64 electron=40.8.0 appOutDir=dist\win-unpacked
  ΓÇó searching for node modules  pm=npm searchDir=D:\- Arcana Business Project\Luxerna\Web Source Code
(node:10676) [DEP0190] DeprecationWarning: Passing args to a child process 
with shell option true can lead to security vulnerabilities, as the arguments 
are not escaped, only concatenated.
(Use `node --trace-deprecation ...` to show where the warning was created)
  ΓÇó collector stderr output  dependencies=["npm error code ELSPROBLEMS\nnpm error invalid: yaml@1.10.2 D:\\- Arcana Business Project\\Luxerna\\Web Source Code\\node_modules\\yaml\nnpm error A complete log of this run can be found in: C:\\Users\\Naufal Zaky\\AppData\\Local\\npm-cache\\_logs\\2026-03-25T12_46_36_270Z-debug-0.log\n"]
  ΓÇó duplicate dependency references  dependencies=["@testing-library/dom@10.4.1","react-dom@19.2.4","@testing-library/dom@10.4.1","debug@4.4.3","fetch-blob@3.2.0","gaxios@7.1.4","ecdsa-sig-formatter@1.0.11","google-auth-library@10.6.2","gaxios@7.1.4","google-auth-library@10.6.2","call-bound@1.0.4","get-intrinsic@1.3.0","call-bound@1.0.4","get-intrinsic@1.3.0","side-channel-map@1.0.1","@babel/code-frame@7.29.0","@babel/parser@7.29.0","@babel/types@7.29.0","@jridgewell/trace-mapping@0.3.31","@jridgewell/trace-mapping@0.3.31","browserslist@4.28.1","@babel/core@7.29.0","@babel/traverse@7.29.0","@babel/types@7.29.0","@babel/traverse@7.29.0","@babel/template@7.28.6","@babel/types@7.29.0","@babel/types@7.29.0","@babel/code-frame@7.29.0","@babel/parser@7.29.0","@babel/types@7.29.0","@babel/code-frame@7.29.0","@babel/generator@7.29.1","@babel/parser@7.29.0","@babel/template@7.28.6","@babel/types@7.29.0","debug@4.4.3","@jridgewell/gen-mapping@0.3.13","@jridgewell/trace-mapping@0.3.31","ajv@8.18.0","webpack-dev-server@4.15.2","webpack@5.105.4","@babel/core@7.29.0","@babel/core@7.29.0","@babel/core@7.29.0","@babel/helper-compilation-targets@7.28.6","@babel/core@7.29.0","@babel/traverse@7.29.0","@babel/core@7.29.0","@babel/core@7.29.0","@babel/core@7.29.0","@babel/helper-skip-transparent-expression-wrappers@7.27.1","@babel/plugin-transform-optional-chaining@7.28.6","@babel/core@7.29.0","@babel/traverse@7.29.0","@babel/core@7.29.0","@babel/core@7.29.0","@babel/core@7.29.0","@babel/core@7.29.0","@babel/core@7.29.0","@babel/helper-annotate-as-pure@7.27.3","@babel/core@7.29.0","@babel/core@7.29.0","@babel/core@7.29.0","@babel/helper-annotate-as-pure@7.27.3","@babel/template@7.28.6","@babel/traverse@7.29.0","@babel/types@7.29.0","@babel/traverse@7.29.0","@babel/traverse@7.29.0","@babel/core@7.29.0","@babel/helper-module-imports@7.28.6","@babel/helper-remap-async-to-generator@7.27.1","@babel/core@7.29.0","@babel/core@7.29.0","@babel/core@7.29.0","@babel/helper-create-class-features-plugin@7.28.6","@babel/core@7.29.0","@babel/helper-create-class-features-plugin@7.28.6","@babel/core@7.29.0","@babel/helper-annotate-as-pure@7.27.3","@babel/helper-compilation-targets@7.28.6","@babel/core@7.29.0","@babel/helper-member-expression-to-functions@7.28.5","@babel/helper-optimise-call-expression@7.27.1","@babel/traverse@7.29.0","@babel/traverse@7.29.0","@babel/core@7.29.0","@babel/template@7.28.6","@babel/core@7.29.0","@babel/traverse@7.29.0","@babel/core@7.29.0","@babel/helper-create-regexp-features-plugin@7.28.5","@babel/core@7.29.0","@babel/core@7.29.0","@babel/helper-create-regexp-features-plugin@7.28.5","@babel/core@7.29.0","@babel/core@7.29.0","@babel/plugin-transform-destructuring@7.28.5","@babel/core@7.29.0","@babel/core@7.29.0","@babel/core@7.29.0","@babel/helper-skip-transparent-expression-wrappers@7.27.1","@babel/core@7.29.0","@babel/helper-compilation-targets@7.28.6","@babel/traverse@7.29.0","@babel/core@7.29.0","@babel/core@7.29.0","@babel/core@7.29.0","@babel/core@7.29.0","@babel/core@7.29.0","@babel/helper-module-transforms@7.28.6","@babel/core@7.29.0","@babel/helper-module-transforms@7.28.6","@babel/core@7.29.0","@babel/helper-module-transforms@7.28.6","@babel/traverse@7.29.0","@babel/core@7.29.0","@babel/helper-module-transforms@7.28.6","@babel/core@7.29.0","@babel/helper-create-regexp-features-plugin@7.28.5","@babel/core@7.29.0","@babel/core@7.29.0","@babel/core@7.29.0","@babel/core@7.29.0","@babel/helper-compilation-targets@7.28.6","@babel/plugin-transform-destructuring@7.28.5","@babel/plugin-transform-parameters@7.27.7","@babel/traverse@7.29.0","@babel/core@7.29.0","@babel/helper-replace-supers@7.28.6","@babel/core@7.29.0","@babel/core@7.29.0","@babel/helper-skip-transparent-expression-wrappers@7.27.1","@babel/core@7.29.0","@babel/core@7.29.0","@babel/helper-create-class-features-plugin@7.28.6","@babel/core@7.29.0","@babel/helper-annotate-as-pure@7.27.3","@babel/helper-create-class-features-plugin@7.28.6","@babel/core@7.29.0","@babel/core@7.29.0","@babel/core@7.29.0","@babel/helper-create-regexp-features-plugin@7.28.5","@babel/core@7.29.0","@babel/core@7.29.0","@babel/core@7.29.0","@babel/helper-skip-transparent-expression-wrappers@7.27.1","@babel/core@7.29.0","@babel/core@7.29.0","@babel/core@7.29.0","@babel/core@7.29.0","@babel/core@7.29.0","@babel/helper-create-regexp-features-plugin@7.28.5","@babel/core@7.29.0","@babel/helper-create-regexp-features-plugin@7.28.5","@babel/core@7.29.0","@babel/helper-create-regexp-features-plugin@7.28.5","@babel/core@7.29.0","@babel/types@7.29.0","@babel/core@7.29.0","@babel/core@7.29.0","@babel/helper-compilation-targets@7.28.6","debug@4.4.3","resolve@1.22.11","@babel/core@7.29.0","@babel/helper-define-polyfill-provider@0.6.7","core-js-compat@3.48.0","@babel/core@7.29.0","@babel/helper-define-polyfill-provider@0.6.7","browserslist@4.28.1","@babel/core@7.29.0","@babel/plugin-transform-react-display-name@7.28.0","@babel/core@7.29.0","@babel/plugin-transform-react-jsx@7.28.6","@babel/core@7.29.0","@babel/helper-annotate-as-pure@7.27.3","@babel/helper-module-imports@7.28.6","@babel/plugin-syntax-jsx@7.28.6","@babel/types@7.29.0","@babel/core@7.29.0","@babel/helper-annotate-as-pure@7.27.3","@svgr/plugin-jsx@5.5.0","cosmiconfig@7.1.0","@babel/core@7.29.0","@babel/types@7.29.0","cosmiconfig@7.1.0","object.values@1.2.1","define-properties@1.2.1","es-abstract@1.24.1","call-bind@1.0.8","call-bound@1.0.4","define-properties@1.2.1","es-abstract@1.24.1","es-object-atoms@1.1.1","is-string@1.1.1","call-bind@1.0.8","define-properties@1.2.1","es-abstract@1.24.1","es-object-atoms@1.1.1","safe-array-concat@1.1.3","loader-utils@2.0.4","@babel/core@7.29.0","@babel/core@7.29.0","@jest/types@27.5.1","babel-plugin-istanbul@6.1.1","chalk@4.1.2","jest-haste-map@27.5.1","jest-util@27.5.1","micromatch@4.0.8","chalk@4.1.2","@babel/parser@7.29.0","@babel/types@7.29.0","@babel/types@7.29.0","@babel/parser@7.29.0","@babel/types@7.29.0","@babel/types@7.29.0","p-limit@2.3.0","js-yaml@3.14.2","@babel/core@7.29.0","@babel/parser@7.29.0","glob@7.2.3","minimatch@3.1.5","@babel/core@7.29.0","@babel/template@7.28.6","@babel/types@7.29.0","@types/babel__core@7.20.5","@types/babel__traverse@7.28.0","@babel/core@7.29.0","@babel/core@7.29.0","@babel/core@7.29.0","@babel/core@7.29.0","@babel/core@7.29.0","@babel/plugin-syntax-import-attributes@7.28.6","@babel/core@7.29.0","@babel/core@7.29.0","@babel/core@7.29.0","@babel/plugin-syntax-nullish-coalescing-operator@7.8.3","@babel/plugin-syntax-numeric-separator@7.10.4","@babel/core@7.29.0","@babel/core@7.29.0","@babel/plugin-syntax-optional-chaining@7.8.3","@babel/plugin-syntax-private-property-in-object@7.14.5","@babel/core@7.29.0","@babel/core@7.29.0","make-dir@3.1.0","find-up@4.1.0","loader-utils@2.0.4","ajv@6.14.0","ajv@6.14.0","webpack@5.105.4","@babel/core@7.29.0","@babel/core@7.29.0","@babel/core@7.29.0","@babel/core@7.29.0","@babel/helper-annotate-as-pure@7.27.3","@babel/traverse@7.29.0","@babel/types@7.29.0","@babel/types@7.29.0","@babel/helper-replace-supers@7.28.6","@babel/helper-skip-transparent-expression-wrappers@7.27.1","@babel/traverse@7.29.0","@babel/core@7.29.0","@babel/helper-create-class-features-plugin@7.28.6","@babel/core@7.29.0","@babel/core@7.29.0","@babel/core@7.29.0","@babel/core@7.29.0","@babel/core@7.29.0","@babel/core@7.29.0","@babel/traverse@7.29.0","@babel/types@7.29.0","@babel/core@7.29.0","@babel/core@7.29.0","@babel/helper-create-class-features-plugin@7.28.6","@babel/core@7.29.0","@babel/types@7.29.0","@babel/helper-create-class-features-plugin@7.28.6","@babel/core@7.29.0","@babel/core@7.29.0","@babel/core@7.29.0","@babel/core@7.29.0","@babel/core@7.29.0","@babel/helper-module-imports@7.28.6","babel-plugin-polyfill-corejs2@0.4.16","@babel/core@7.29.0","@babel/helper-define-polyfill-provider@0.6.7","core-js-compat@3.48.0","babel-plugin-polyfill-regenerator@0.6.7","@babel/preset-env@7.29.0","@babel/preset-react@7.28.5","@babel/core@7.29.0","@babel/core@7.29.0","@babel/plugin-transform-modules-commonjs@7.28.6","@babel/core@7.29.0","@babel/helper-annotate-as-pure@7.27.3","@babel/helper-create-class-features-plugin@7.28.6","@babel/helper-skip-transparent-expression-wrappers@7.27.1","@babel/core@7.29.0","cosmiconfig@7.1.0","resolve@1.22.11","browserslist@4.28.1","postcss@8.5.8","postcss@8.5.8","postcss@8.5.8","postcss@8.5.8","postcss@8.5.8","postcss@8.5.8","webpack@5.105.4","postcss@8.5.8","postcss@8.5.8","postcss-selector-parser@6.1.2","postcss@8.5.8","browserslist@4.28.1","browserslist@4.28.1","postcss@8.5.8","browserslist@4.28.1","postcss@8.5.8","postcss@8.5.8","postcss@8.5.8","postcss@8.5.8","postcss@8.5.8","postcss@8.5.8","browserslist@4.28.1","postcss-selector-parser@6.1.2","postcss@8.5.8","browserslist@4.28.1","caniuse-api@3.0.0","postcss-selector-parser@6.1.2","postcss@8.5.8","postcss@8.5.8","postcss@8.5.8","browserslist@4.28.1","postcss@8.5.8","postcss-selector-parser@6.1.2","postcss@8.5.8","postcss@8.5.8","postcss@8.5.8","postcss@8.5.8","postcss@8.5.8","postcss@8.5.8","postcss@8.5.8","browserslist@4.28.1","postcss@8.5.8","postcss@8.5.8","postcss@8.5.8","postcss@8.5.8","browserslist@4.28.1","caniuse-api@3.0.0","postcss@8.5.8","postcss@8.5.8","postcss@8.5.8","css-select@4.3.0","csso@4.2.0","postcss-selector-parser@6.1.2","postcss@8.5.8","postcss@8.5.8","postcss@8.5.8","@types/node@25.4.0","postcss@8.5.8","schema-utils@4.3.3","webpack@5.105.4","@babel/core@7.29.0","@babel/core@7.29.0","esrecurse@4.3.0","eslint@8.57.1","@typescript-eslint/parser@5.62.0","@typescript-eslint/typescript-estree@5.62.0","@typescript-eslint/utils@5.62.0","debug@4.4.3","eslint@8.57.1","tsutils@3.21.0","@eslint-community/eslint-utils@4.9.1","@typescript-eslint/scope-manager@5.62.0","@typescript-eslint/typescript-estree@5.62.0","esrecurse@4.3.0","eslint@8.57.1","debug@4.4.3","eslint@8.57.1","@typescript-eslint/scope-manager@5.62.0","@typescript-eslint/visitor-keys@5.62.0","debug@4.4.3","globby@11.1.0","is-glob@4.0.3","tsutils@3.21.0","debug@4.4.3","eslint@8.57.1","babel-preset-react-app@10.1.0","@babel/plugin-syntax-flow@7.28.6","@babel/plugin-transform-react-jsx@7.28.6","eslint@8.57.1","get-intrinsic@1.3.0","define-data-property@1.1.4","get-intrinsic@1.3.0","has-property-descriptors@1.0.2","call-bind-apply-helpers@1.0.2","get-intrinsic@1.3.0","has-property-descriptors@1.0.2","call-bound@1.0.4","is-array-buffer@3.0.5","array-buffer-byte-length@1.0.2","call-bind@1.0.8","define-properties@1.2.1","es-abstract@1.24.1","get-intrinsic@1.3.0","is-array-buffer@3.0.5","call-bind@1.0.8","call-bound@1.0.4","call-bound@1.0.4","is-data-view@1.0.2","call-bound@1.0.4","is-data-view@1.0.2","call-bound@1.0.4","is-data-view@1.0.2","es-object-atoms@1.1.1","es-set-tostringtag@2.1.0","call-bound@1.0.4","has-tostringtag@1.0.2","call-bound@1.0.4","safe-regex-test@1.1.0","call-bind@1.0.8","call-bound@1.0.4","define-properties@1.2.1","hasown@2.0.2","get-intrinsic@1.3.0","dunder-proto@1.0.1","es-object-atoms@1.1.1","call-bound@1.0.4","get-intrinsic@1.3.0","globalthis@1.0.4","has-property-descriptors@1.0.2","has-proto@1.2.0","hasown@2.0.2","internal-slot@1.1.0","call-bind@1.0.8","call-bound@1.0.4","get-intrinsic@1.3.0","call-bound@1.0.4","get-intrinsic@1.3.0","is-typed-array@1.1.15","is-regex@1.2.1","call-bound@1.0.4","is-string@1.1.1","which-typed-array@1.1.20","call-bound@1.0.4","object.assign@4.1.7","get-intrinsic@1.3.0","safe-push-apply@1.0.0","regexp.prototype.flags@1.5.4","safe-array-concat@1.1.3","safe-regex-test@1.1.0","dunder-proto@1.0.1","es-object-atoms@1.1.1","internal-slot@1.1.0","call-bind@1.0.8","call-bound@1.0.4","define-data-property@1.1.4","define-properties@1.2.1","es-abstract@1.24.1","es-object-atoms@1.1.1","has-property-descriptors@1.0.2","string.prototype.trimend@1.0.9","call-bind@1.0.8","define-properties@1.2.1","es-object-atoms@1.1.1","call-bound@1.0.4","is-typed-array@1.1.15","call-bind@1.0.8","has-proto@1.2.0","is-typed-array@1.1.15","available-typed-arrays@1.0.7","call-bind@1.0.8","for-each@0.3.5","has-proto@1.2.0","is-typed-array@1.1.15","call-bind@1.0.8","define-properties@1.2.1","es-abstract@1.24.1","es-object-atoms@1.1.1","get-intrinsic@1.3.0","get-proto@1.0.1","call-bound@1.0.4","function.prototype.name@1.1.8","has-tostringtag@1.0.2","call-bound@1.0.4","get-proto@1.0.1","has-tostringtag@1.0.2","safe-regex-test@1.1.0","is-date-object@1.1.0","call-bound@1.0.4","call-bound@1.0.4","get-proto@1.0.1","has-tostringtag@1.0.2","safe-regex-test@1.1.0","is-regex@1.2.1","is-weakref@1.1.1","which-boxed-primitive@1.1.1","call-bound@1.0.4","get-intrinsic@1.3.0","which-typed-array@1.1.20","call-bind@1.0.8","for-each@0.3.5","is-typed-array@1.1.15","reflect.getprototypeof@1.0.10","call-bound@1.0.4","call-bound@1.0.4","has-tostringtag@1.0.2","call-bound@1.0.4","has-tostringtag@1.0.2","is-string@1.1.1","is-symbol@1.1.1","available-typed-arrays@1.0.7","call-bind@1.0.8","call-bound@1.0.4","for-each@0.3.5","get-proto@1.0.1","has-tostringtag@1.0.2","call-bind-apply-helpers@1.0.2","es-object-atoms@1.1.1","get-proto@1.0.1","hasown@2.0.2","call-bound@1.0.4","call-bind@1.0.8","call-bound@1.0.4","define-properties@1.2.1","es-abstract@1.24.1","es-object-atoms@1.1.1","hasown@2.0.2","call-bind@1.0.8","define-properties@1.2.1","es-abstract@1.24.1","es-shim-unscopables@1.1.0","call-bind@1.0.8","define-properties@1.2.1","es-abstract@1.24.1","es-shim-unscopables@1.1.0","is-core-module@2.16.1","resolve@1.22.11","eslint@8.57.1","is-core-module@2.16.1","is-glob@4.0.3","minimatch@3.1.5","call-bind@1.0.8","define-properties@1.2.1","es-abstract@1.24.1","es-object-atoms@1.1.1","call-bind@1.0.8","define-properties@1.2.1","es-abstract@1.24.1","call-bind@1.0.8","call-bound@1.0.4","define-properties@1.2.1","es-object-atoms@1.1.1","call-bind@1.0.8","call-bound@1.0.4","define-properties@1.2.1","es-object-atoms@1.1.1","@typescript-eslint/eslint-plugin@5.62.0","@typescript-eslint/utils@5.62.0","eslint@8.57.1","eslint@8.57.1","array-includes@3.1.9","array.prototype.flatmap@1.3.3","eslint@8.57.1","hasown@2.0.2","array-includes@3.1.9","array.prototype.flat@1.3.3","call-bind@1.0.8","call-bound@1.0.4","define-properties@1.2.1","es-object-atoms@1.1.1","object.values@1.2.1","minimatch@3.1.5","object.fromentries@2.0.8","call-bound@1.0.4","call-bound@1.0.4","has-tostringtag@1.0.2","hasown@2.0.2","call-bind@1.0.8","define-properties@1.2.1","es-abstract@1.24.1","eslint@8.57.1","array-includes@3.1.9","call-bind@1.0.8","define-properties@1.2.1","es-abstract@1.24.1","es-object-atoms@1.1.1","es-shim-unscopables@1.1.0","array.prototype.flatmap@1.3.3","call-bind@1.0.8","define-properties@1.2.1","es-abstract@1.24.1","es-shim-unscopables@1.1.0","call-bind@1.0.8","call-bound@1.0.4","define-properties@1.2.1","es-abstract@1.24.1","get-intrinsic@1.3.0","has-tostringtag@1.0.2","hasown@2.0.2","get-intrinsic@1.3.0","define-properties@1.2.1","call-bind-apply-helpers@1.0.2","hasown@2.0.2","side-channel@1.1.0","define-data-property@1.1.4","es-object-atoms@1.1.1","get-intrinsic@1.3.0","get-proto@1.0.1","set-function-name@2.0.2","call-bind@1.0.8","call-bound@1.0.4","get-intrinsic@1.3.0","eslint@8.57.1","hasown@2.0.2","jsx-ast-utils@3.3.5","minimatch@3.1.5","call-bind@1.0.8","call-bound@1.0.4","define-properties@1.2.1","es-object-atoms@1.1.1","object.fromentries@2.0.8","object.values@1.2.1","is-core-module@2.16.1","array.prototype.flatmap@1.3.3","object.entries@1.1.9","call-bind@1.0.8","call-bound@1.0.4","define-properties@1.2.1","es-abstract@1.24.1","es-object-atoms@1.1.1","get-intrinsic@1.3.0","internal-slot@1.1.0","call-bind@1.0.8","define-properties@1.2.1","get-proto@1.0.1","set-function-name@2.0.2","define-data-property@1.1.4","has-property-descriptors@1.0.2","side-channel@1.1.0","define-properties@1.2.1","es-abstract@1.24.1","@typescript-eslint/utils@5.62.0","eslint@8.57.1","eslint@8.57.1","eslint@8.57.1","@types/node@25.4.0","schema-utils@4.3.3","webpack@5.105.4","eslint@8.57.1","ajv@6.14.0","debug@4.4.3","espree@9.6.1","globals@13.24.0","minimatch@3.1.5","debug@4.4.3","minimatch@3.1.5","chalk@4.1.2","debug@4.4.3","rimraf@3.0.2","is-glob@4.0.3","levn@0.4.1","type-check@0.4.0","loader-utils@2.0.4","ajv@6.14.0","webpack@5.105.4","no-case@3.0.4","terser@5.46.0","domhandler@4.3.1","domhandler@4.3.1","domhandler@4.3.1","domutils@2.8.0","strip-ansi@6.0.1","webpack@5.105.4","@jest/types@27.5.1","chalk@4.1.2","@jest/types@27.5.1","@types/node@25.4.0","@types/node@25.4.0","@types/node@25.4.0","jest-util@27.5.1","jest-worker@27.5.1","micromatch@4.0.8","jest-resolve@27.5.1","@jest/types@27.5.1","@types/node@25.4.0","chalk@4.1.2","@jest/types@27.5.1","chalk@4.1.2","pretty-format@27.5.1","resolve@1.22.11","chalk@4.1.2","@jest/types@28.1.3","@types/node@25.4.0","chalk@4.1.2","@babel/code-frame@7.29.0","@jest/types@28.1.3","chalk@4.1.2","micromatch@4.0.8","@jest/schemas@28.1.3","stack-utils@2.0.6","jest-util@28.1.3","@jest/types@28.1.3","@types/istanbul-reports@3.0.4","@types/node@25.4.0","chalk@4.1.2","@types/node@25.4.0","ansi-escapes@4.3.2","chalk@4.1.2","@jest/types@28.1.3","@types/node@25.4.0","chalk@4.1.2","jest@27.5.1","strip-ansi@7.2.0","@jest/types@27.5.1","@types/node@25.4.0","chalk@4.1.2","jest-message-util@27.5.1","jest-util@27.5.1","@jest/console@27.5.1","@jest/test-result@27.5.1","@jest/transform@27.5.1","@jest/types@27.5.1","@types/node@25.4.0","chalk@4.1.2","glob@7.2.3","istanbul-lib-instrument@5.2.1","supports-color@7.2.0","debug@4.4.3","istanbul-lib-report@3.0.1","jest-haste-map@27.5.1","jest-resolve@27.5.1","jest-util@27.5.1","jest-worker@27.5.1","strip-ansi@6.0.1","ansi-escapes@4.3.2","supports-color@7.2.0","@jest/console@27.5.1","@jest/types@27.5.1","@jest/transform@27.5.1","@jest/types@27.5.1","@types/node@25.4.0","ansi-escapes@4.3.2","chalk@4.1.2","@jest/types@27.5.1","execa@5.1.1","@babel/core@7.29.0","@jest/test-result@27.5.1","jest-haste-map@27.5.1","jest-runtime@27.5.1","@jest/types@27.5.1","babel-jest@27.5.1","chalk@4.1.2","glob@7.2.3","@jest/environment@27.5.1","@jest/test-result@27.5.1","@jest/types@27.5.1","@types/node@25.4.0","chalk@4.1.2","expect@27.5.1","@jest/types@27.5.1","chalk@4.1.2","jest-util@27.5.1","pretty-format@27.5.1","jest-matcher-utils@27.5.1","jest-message-util@27.5.1","jest-runtime@27.5.1","jest-snapshot@27.5.1","jest-util@27.5.1","pretty-format@27.5.1","stack-utils@2.0.6","@jest/environment@27.5.1","@jest/fake-timers@27.5.1","@jest/types@27.5.1","@types/node@25.4.0","jest-mock@27.5.1","jest-util@27.5.1","whatwg-url@8.7.0","escodegen@2.1.0","es-set-tostringtag@2.1.0","hasown@2.0.2","mime-types@2.1.35","whatwg-encoding@1.0.5","debug@4.4.3","debug@4.4.3","agent-base@6.0.2","debug@4.4.3","@jest/environment@27.5.1","@jest/fake-timers@27.5.1","@jest/types@27.5.1","@types/node@25.4.0","jest-mock@27.5.1","jest-util@27.5.1","@jest/environment@27.5.1","@jest/source-map@27.5.1","@jest/test-result@27.5.1","@jest/types@27.5.1","@types/node@25.4.0","chalk@4.1.2","expect@27.5.1","jest-each@27.5.1","jest-matcher-utils@27.5.1","jest-message-util@27.5.1","jest-runtime@27.5.1","jest-snapshot@27.5.1","jest-util@27.5.1","pretty-format@27.5.1","jest-resolve@27.5.1","jest-runner@27.5.1","jest-util@27.5.1","jest-validate@27.5.1","micromatch@4.0.8","parse-json@5.2.0","pretty-format@27.5.1","jest-haste-map@27.5.1","@babel/code-frame@7.29.0","@jest/types@27.5.1","chalk@4.1.2","micromatch@4.0.8","pretty-format@27.5.1","@jest/types@27.5.1","jest-snapshot@27.5.1","jest-resolve@27.5.1","@jest/console@27.5.1","@jest/fake-timers@27.5.1","@jest/types@27.5.1","@types/node@25.4.0","jest-mock@27.5.1","@jest/test-result@27.5.1","@jest/transform@27.5.1","@jest/types@27.5.1","@types/node@25.4.0","chalk@4.1.2","jest-environment-jsdom@27.5.1","jest-environment-node@27.5.1","jest-haste-map@27.5.1","pretty-format@27.5.1","jest-message-util@27.5.1","jest-resolve@27.5.1","jest-runtime@27.5.1","jest-util@27.5.1","jest-worker@27.5.1","source-map-support@0.5.21","@jest/environment@27.5.1","@jest/types@27.5.1","@types/node@25.4.0","jest-message-util@27.5.1","jest-mock@27.5.1","jest-util@27.5.1","@jest/environment@27.5.1","@jest/types@27.5.1","expect@27.5.1","@jest/test-result@27.5.1","@jest/transform@27.5.1","@jest/types@27.5.1","chalk@4.1.2","execa@5.1.1","glob@7.2.3","jest-haste-map@27.5.1","jest-message-util@27.5.1","@jest/types@27.5.1","@types/node@25.4.0","jest-resolve@27.5.1","jest-snapshot@27.5.1","jest-util@27.5.1","@babel/core@7.29.0","@babel/generator@7.29.1","@babel/plugin-syntax-typescript@7.28.6","@babel/traverse@7.29.0","@babel/types@7.29.0","@jest/transform@27.5.1","@jest/types@27.5.1","@types/babel__traverse@7.28.0","babel-preset-current-node-syntax@1.2.0","chalk@4.1.2","@jest/types@27.5.1","jest-matcher-utils@27.5.1","jest-message-util@27.5.1","chalk@4.1.2","pretty-format@27.5.1","jest-haste-map@27.5.1","chalk@4.1.2","jest-diff@27.5.1","pretty-format@27.5.1","jest-message-util@27.5.1","jest-util@27.5.1","pretty-format@27.5.1","jest-util@27.5.1","jest-validate@27.5.1","@jest/test-result@27.5.1","@jest/types@27.5.1","@types/node@25.4.0","ansi-escapes@4.3.2","chalk@4.1.2","jest-util@27.5.1","string-length@4.0.2","micromatch@4.0.8","rimraf@3.0.2","strip-ansi@6.0.1","pkg-dir@4.2.0","@jest/core@27.5.1","@jest/test-result@27.5.1","@jest/types@27.5.1","chalk@4.1.2","import-local@3.2.0","jest-config@27.5.1","jest-util@27.5.1","jest-validate@27.5.1","prompts@2.4.2","string-width@4.2.3","strip-ansi@6.0.1","ansi-styles@4.3.0","string-width@4.2.3","strip-ansi@6.0.1","strip-ansi@6.0.1","schema-utils@4.3.3","webpack@5.105.4","postcss@8.5.8","import-fresh@3.3.1","@babel/code-frame@7.29.0","postcss@8.5.8","webpack@5.105.4","browserslist@4.28.1","browserslist@4.28.1","postcss@8.5.8","postcss@8.5.8","postcss-selector-parser@6.1.2","postcss-selector-parser@6.1.2","postcss@8.5.8","@csstools/postcss-progressive-custom-properties@1.3.0","postcss@8.5.8","postcss@8.5.8","postcss@8.5.8","@csstools/postcss-progressive-custom-properties@1.3.0","postcss@8.5.8","postcss-selector-parser@6.1.2","postcss@8.5.8","postcss@8.5.8","postcss@8.5.8","@csstools/postcss-progressive-custom-properties@1.3.0","postcss@8.5.8","postcss@8.5.8","postcss@8.5.8","postcss@8.5.8","postcss@8.5.8","postcss@8.5.8","browserslist@4.28.1","postcss@8.5.8","browserslist@4.28.1","postcss-selector-parser@6.1.2","postcss@8.5.8","postcss-selector-parser@6.1.2","postcss@8.5.8","postcss@8.5.8","postcss-selector-parser@6.1.2","postcss@8.5.8","postcss@8.5.8","postcss@8.5.8","postcss@8.5.8","postcss@8.5.8","postcss@8.5.8","postcss@8.5.8","postcss-selector-parser@6.1.2","postcss@8.5.8","postcss-selector-parser@6.1.2","postcss@8.5.8","@csstools/postcss-progressive-custom-properties@1.3.0","postcss@8.5.8","postcss@8.5.8","postcss-selector-parser@6.1.2","postcss@8.5.8","postcss-selector-parser@6.1.2","postcss@8.5.8","postcss@8.5.8","postcss@8.5.8","postcss@8.5.8","postcss@8.5.8","@csstools/postcss-progressive-custom-properties@1.3.0","postcss@8.5.8","postcss@8.5.8","postcss@8.5.8","postcss-selector-parser@6.1.2","postcss@8.5.8","postcss@8.5.8","postcss@8.5.8","postcss@8.5.8","postcss@8.5.8","postcss-selector-parser@6.1.2","postcss@8.5.8","postcss@8.5.8","postcss-selector-parser@6.1.2","postcss@8.5.8","postcss@8.5.8","@babel/code-frame@7.29.0","browserslist@4.28.1","chalk@4.1.2","cross-spawn@7.0.6","@babel/code-frame@7.29.0","chalk@4.1.2","chokidar@3.6.0","import-fresh@3.3.1","parse-json@5.2.0","eslint@8.57.1","jsonfile@6.2.0","once@1.4.0","minimatch@3.1.5","minimatch@3.1.5","ajv@6.14.0","webpack@5.105.4","fast-glob@3.3.3","prompts@2.4.2","minimatch@3.1.5","strip-ansi@6.0.1","loader-utils@2.0.4","loader-utils@2.0.4","hasown@2.0.2","webpack@5.105.4","webpack@5.105.4","webpack@5.105.4","anymatch@3.1.3","braces@3.0.3","is-glob@4.0.3","is-glob@4.0.3","@nodelib/fs.walk@1.2.8","is-glob@4.0.3","micromatch@4.0.8","glob-parent@6.0.2","is-glob@4.0.3","micromatch@4.0.8","postcss@8.5.8","resolve@1.22.11","postcss@8.5.8","postcss@8.5.8","postcss-selector-parser@6.1.2","postcss@8.5.8","postcss@8.5.8","resolve@1.22.11","@jridgewell/gen-mapping@0.3.13","jest-worker@27.5.1","schema-utils@4.3.3","@jridgewell/gen-mapping@0.3.13","@jridgewell/trace-mapping@0.3.31","webpack@5.105.4","@types/node@25.4.0","@types/node@25.4.0","@types/node@25.4.0","@types/node@25.4.0","@types/node@25.4.0","@types/node@25.4.0","@types/node@25.4.0","@types/send@1.2.1","@types/serve-static@1.15.10","@types/express@4.17.25","@types/node@25.4.0","@types/node@25.4.0","@types/node@25.4.0","@types/node@25.4.0","chokidar@3.6.0","cross-spawn@7.0.6","mime-types@2.1.35","http-errors@2.0.1","on-finished@2.4.1","qs@6.14.2","http-errors@2.0.1","type-is@1.6.18","on-finished@2.4.1","qs@6.14.2","http-errors@2.0.1","on-finished@2.4.1","send@0.19.2","mime-types@2.1.35","@types/express@4.17.25","@types/node@25.4.0","is-glob@4.0.3","micromatch@4.0.8","open@8.4.2","glob@7.2.3","schema-utils@4.3.3","@types/node@25.4.0","accepts@1.3.8","mime-types@2.1.35","websocket-driver@0.7.4","debug@4.4.3","debug@4.4.3","wbuf@1.7.3","memfs@3.5.3","mime-types@2.1.35","schema-utils@4.3.3","webpack@5.105.4","webpack@5.105.4","webpack@5.105.4","@types/eslint@8.56.12","@webassemblyjs/ast@1.14.1","@webassemblyjs/ast@1.14.1","@webassemblyjs/wasm-gen@1.14.1","@webassemblyjs/ast@1.14.1","@webassemblyjs/ieee754@1.13.2","@webassemblyjs/leb128@1.13.2","@webassemblyjs/ast@1.14.1","@webassemblyjs/wasm-gen@1.14.1","@webassemblyjs/wasm-parser@1.14.1","@webassemblyjs/wasm-parser@1.14.1","@webassemblyjs/ast@1.14.1","@webassemblyjs/ast@1.14.1","browserslist@4.28.1","esrecurse@4.3.0","schema-utils@4.3.3","terser-webpack-plugin@5.3.17","webpack@5.105.4","ajv@8.18.0","@babel/core@7.29.0","@babel/preset-env@7.29.0","@babel/core@7.29.0","@babel/helper-module-imports@7.28.6","rollup@2.80.0","@types/babel__core@7.20.5","rollup@2.80.0","@rollup/pluginutils@3.1.0","@types/node@25.4.0","resolve@1.22.11","rollup@2.80.0","@rollup/pluginutils@3.1.0","rollup@2.80.0","magic-string@0.25.9","string.prototype.matchall@4.0.12","jsonfile@6.2.0","glob@7.2.3","@babel/code-frame@7.29.0","@types/node@25.4.0","supports-color@7.2.0","rollup@2.80.0","randombytes@2.1.0","terser@5.46.0","workbox-background-sync@6.6.0","workbox-routing@6.6.0","workbox-strategies@6.6.0","workbox-routing@6.6.0","workbox-strategies@6.6.0","workbox-cacheable-response@6.6.0","workbox-expiration@6.6.0","workbox-precaching@6.6.0","workbox-routing@6.6.0","workbox-strategies@6.6.0","workbox-routing@6.6.0"]
  ΓÇó updating asar integrity executable resource  executablePath=dist\win-unpacked\Luxerna Photobooth.exe
  ΓÇó downloading     url=https://github.com/electron-userland/electron-builder-binaries/releases/download/winCodeSign-2.6.0/winCodeSign-2.6.0.7z size=5.6 MB parts=1
  ΓÇó downloaded      url=https://github.com/electron-userland/electron-builder-binaries/releases/download/winCodeSign-2.6.0/winCodeSign-2.6.0.7z duration=2.136s
  Γ¿» cannot execute  cause=exit status 2
                    out=
    7-Zip (a) 21.07 (x64) : Copyright (c) 1999-2021 Igor Pavlov : 2021-12-26
    
    Scanning the drive for archives:
    1 file, 5635384 bytes (5504 KiB)
    
    Extracting archive: C:\Users\Naufal Zaky\AppData\Local\electron-builder\Cache\winCodeSign\150089139.7z
    --
    Path = C:\Users\Naufal Zaky\AppData\Local\electron-builder\Cache\winCodeSign\150089139.7z
    Type = 7z
    Physical Size = 5635384
    Headers Size = 1492
    Method = LZMA2:24m LZMA:20 BCJ2
    Solid = +
    Blocks = 2
    
    
    Sub items Errors: 2
    
    Archives with Errors: 1
    
    Sub items Errors: 2
    
                    errorOut=ERROR: Cannot create symbolic link : A required privilege is not held by the client. : C:\Users\Naufal Zaky\AppData\Local\electron-builder\Cache\winCodeSign\150089139\darwin\10.12\lib\libcrypto.dylib
    ERROR: Cannot create symbolic link : A required privilege is not held by the client. : C:\Users\Naufal Zaky\AppData\Local\electron-builder\Cache\winCodeSign\150089139\darwin\10.12\lib\libssl.dylib
    
                    command='D:\- Arcana Business Project\Luxerna\Web Source Code\node_modules\7zip-bin\win\x64\7za.exe' x -snld -bd 'C:\Users\Naufal Zaky\AppData\Local\electron-builder\Cache\winCodeSign\150089139.7z' '-oC:\Users\Naufal Zaky\AppData\Local\electron-builder\Cache\winCodeSign\150089139'
                    workingDir=C:\Users\Naufal Zaky\AppData\Local\electron-builder\Cache\winCodeSign
  ΓÇó downloading     url=https://github.com/electron-userland/electron-builder-binaries/releases/download/winCodeSign-2.6.0/winCodeSign-2.6.0.7z size=5.6 MB parts=1
  ΓÇó downloaded      url=https://github.com/electron-userland/electron-builder-binaries/releases/download/winCodeSign-2.6.0/winCodeSign-2.6.0.7z duration=1.524s
  Γ¿» cannot execute  cause=exit status 2
                    out=
    7-Zip (a) 21.07 (x64) : Copyright (c) 1999-2021 Igor Pavlov : 2021-12-26
    
    Scanning the drive for archives:
    1 file, 5635384 bytes (5504 KiB)
    
    Extracting archive: C:\Users\Naufal Zaky\AppData\Local\electron-builder\Cache\winCodeSign\840347611.7z
    --
    Path = C:\Users\Naufal Zaky\AppData\Local\electron-builder\Cache\winCodeSign\840347611.7z
    Type = 7z
    Physical Size = 5635384
    Headers Size = 1492
    Method = LZMA2:24m LZMA:20 BCJ2
    Solid = +
    Blocks = 2
    
    
    Sub items Errors: 2
    
    Archives with Errors: 1
    
    Sub items Errors: 2
    
                    errorOut=ERROR: Cannot create symbolic link : A required privilege is not held by the client. : C:\Users\Naufal Zaky\AppData\Local\electron-builder\Cache\winCodeSign\840347611\darwin\10.12\lib\libcrypto.dylib
    ERROR: Cannot create symbolic link : A required privilege is not held by the client. : C:\Users\Naufal Zaky\AppData\Local\electron-builder\Cache\winCodeSign\840347611\darwin\10.12\lib\libssl.dylib
    
                    command='D:\- Arcana Business Project\Luxerna\Web Source Code\node_modules\7zip-bin\win\x64\7za.exe' x -snld -bd 'C:\Users\Naufal Zaky\AppData\Local\electron-builder\Cache\winCodeSign\840347611.7z' '-oC:\Users\Naufal Zaky\AppData\Local\electron-builder\Cache\winCodeSign\840347611'
                    workingDir=C:\Users\Naufal Zaky\AppData\Local\electron-builder\Cache\winCodeSign
  ΓÇó downloading     url=https://github.com/electron-userland/electron-builder-binaries/releases/download/winCodeSign-2.6.0/winCodeSign-2.6.0.7z size=5.6 MB parts=1
  ΓÇó downloaded      url=https://github.com/electron-userland/electron-builder-binaries/releases/download/winCodeSign-2.6.0/winCodeSign-2.6.0.7z duration=1.675s
  Γ¿» cannot execute  cause=exit status 2
                    out=
    7-Zip (a) 21.07 (x64) : Copyright (c) 1999-2021 Igor Pavlov : 2021-12-26
    
    Scanning the drive for archives:
    1 file, 5635384 bytes (5504 KiB)
    
    Extracting archive: C:\Users\Naufal Zaky\AppData\Local\electron-builder\Cache\winCodeSign\048094019.7z
    --
    Path = C:\Users\Naufal Zaky\AppData\Local\electron-builder\Cache\winCodeSign\048094019.7z
    Type = 7z
    Physical Size = 5635384
    Headers Size = 1492
    Method = LZMA2:24m LZMA:20 BCJ2
    Solid = +
    Blocks = 2
    
    
    Sub items Errors: 2
    
    Archives with Errors: 1
    
    Sub items Errors: 2
    
                    errorOut=ERROR: Cannot create symbolic link : A required privilege is not held by the client. : C:\Users\Naufal Zaky\AppData\Local\electron-builder\Cache\winCodeSign\048094019\darwin\10.12\lib\libcrypto.dylib
    ERROR: Cannot create symbolic link : A required privilege is not held by the client. : C:\Users\Naufal Zaky\AppData\Local\electron-builder\Cache\winCodeSign\048094019\darwin\10.12\lib\libssl.dylib
    
                    command='D:\- Arcana Business Project\Luxerna\Web Source Code\node_modules\7zip-bin\win\x64\7za.exe' x -snld -bd 'C:\Users\Naufal Zaky\AppData\Local\electron-builder\Cache\winCodeSign\048094019.7z' '-oC:\Users\Naufal Zaky\AppData\Local\electron-builder\Cache\winCodeSign\048094019'
                    workingDir=C:\Users\Naufal Zaky\AppData\Local\electron-builder\Cache\winCodeSign
  ΓÇó downloading     url=https://github.com/electron-userland/electron-builder-binaries/releases/download/winCodeSign-2.6.0/winCodeSign-2.6.0.7z size=5.6 MB parts=1
  ΓÇó downloaded      url=https://github.com/electron-userland/electron-builder-binaries/releases/download/winCodeSign-2.6.0/winCodeSign-2.6.0.7z duration=1.959s
  Γ¿» cannot execute  cause=exit status 2
                    out=
    7-Zip (a) 21.07 (x64) : Copyright (c) 1999-2021 Igor Pavlov : 2021-12-26
    
    Scanning the drive for archives:
    1 file, 5635384 bytes (5504 KiB)
    
    Extracting archive: C:\Users\Naufal Zaky\AppData\Local\electron-builder\Cache\winCodeSign\044353275.7z
    --
    Path = C:\Users\Naufal Zaky\AppData\Local\electron-builder\Cache\winCodeSign\044353275.7z
    Type = 7z
    Physical Size = 5635384
    Headers Size = 1492
    Method = LZMA2:24m LZMA:20 BCJ2
    Solid = +
    Blocks = 2
    
    
    Sub items Errors: 2
    
    Archives with Errors: 1
    
    Sub items Errors: 2
    
                    errorOut=ERROR: Cannot create symbolic link : A required privilege is not held by the client. : C:\Users\Naufal Zaky\AppData\Local\electron-builder\Cache\winCodeSign\044353275\darwin\10.12\lib\libcrypto.dylib
    ERROR: Cannot create symbolic link : A required privilege is not held by the client. : C:\Users\Naufal Zaky\AppData\Local\electron-builder\Cache\winCodeSign\044353275\darwin\10.12\lib\libssl.dylib
    
                    command='D:\- Arcana Business Project\Luxerna\Web Source Code\node_modules\7zip-bin\win\x64\7za.exe' x -snld -bd 'C:\Users\Naufal Zaky\AppData\Local\electron-builder\Cache\winCodeSign\044353275.7z' '-oC:\Users\Naufal Zaky\AppData\Local\electron-builder\Cache\winCodeSign\044353275'
                    workingDir=C:\Users\Naufal Zaky\AppData\Local\electron-builder\Cache\winCodeSign
